{
    "GRIFFIN_GC_BIAS_T01": {
        "content": null,
        "meta": {
            "nf-test": "0.8.4",
            "nextflow": "25.04.2"
        },
        "timestamp": "2025-05-28T20:48:13.878658"
    }
}