{
    "GRIFFIN_GC_COUNTS_T01": {
        "content": null,
        "meta": {
            "nf-test": "0.8.4",
            "nextflow": "25.04.2"
        },
        "timestamp": "2025-05-28T21:14:24.337534"
    }
}